Unique words between HTML tags:
<html>
<b>
</b>
</html>
