Start of output:
<html>
<b>
</b>
<b>
</b>
</html>
End of output:
